// Jest Snapshot v1, https://goo.gl/fbAQLP

exports[`Pruebas <GifItem /> match a snapshot 1`] = `
<div>
  <div
    class="card"
  >
    <img
      alt="title"
      src="https://media.giphy.com/media/l0000001"
    />
    <p>
      title
    </p>
  </div>
</div>
`;
